Archive member included to satisfy reference by file (symbol)

d:/truestudio for stm32 9.1.0/armtools/bin/../lib/gcc/arm-atollic-eabi/6.3.1/../../../../arm-atollic-eabi/lib/armv7e-m/fpu\libc_nano.a(lib_a-init.o)
                              startup\startup_stm32f446xx.o (__libc_init_array)
d:/truestudio for stm32 9.1.0/armtools/bin/../lib/gcc/arm-atollic-eabi/6.3.1/../../../../arm-atollic-eabi/lib/armv7e-m/fpu\libm.a(lib_a-sf_atan.o)
                              Src\MW-AHRSv1.o (atanf)
d:/truestudio for stm32 9.1.0/armtools/bin/../lib/gcc/arm-atollic-eabi/6.3.1/../../../../arm-atollic-eabi/lib/armv7e-m/fpu\libm.a(lib_a-sf_fabs.o)
                              d:/truestudio for stm32 9.1.0/armtools/bin/../lib/gcc/arm-atollic-eabi/6.3.1/../../../../arm-atollic-eabi/lib/armv7e-m/fpu\libm.a(lib_a-sf_atan.o) (fabsf)
d:/truestudio for stm32 9.1.0/armtools/bin/../lib/gcc/arm-atollic-eabi/6.3.1/armv7e-m/fpu\libgcc.a(_arm_addsubdf3.o)
                              Src\main.o (__aeabi_dsub)
d:/truestudio for stm32 9.1.0/armtools/bin/../lib/gcc/arm-atollic-eabi/6.3.1/armv7e-m/fpu\libgcc.a(_arm_muldivdf3.o)
                              Src\main.o (__aeabi_dmul)
d:/truestudio for stm32 9.1.0/armtools/bin/../lib/gcc/arm-atollic-eabi/6.3.1/armv7e-m/fpu\libgcc.a(_arm_fixunsdfsi.o)
                              Src\main.o (__aeabi_d2uiz)
d:/truestudio for stm32 9.1.0/armtools/bin/../lib/gcc/arm-atollic-eabi/6.3.1/armv7e-m/fpu\libgcc.a(_aeabi_uldivmod.o)
                              Drivers\STM32F4xx_HAL_Driver\stm32f4xx_hal_rcc.o (__aeabi_uldivmod)
d:/truestudio for stm32 9.1.0/armtools/bin/../lib/gcc/arm-atollic-eabi/6.3.1/armv7e-m/fpu\libgcc.a(_udivmoddi4.o)
                              d:/truestudio for stm32 9.1.0/armtools/bin/../lib/gcc/arm-atollic-eabi/6.3.1/armv7e-m/fpu\libgcc.a(_aeabi_uldivmod.o) (__udivmoddi4)
d:/truestudio for stm32 9.1.0/armtools/bin/../lib/gcc/arm-atollic-eabi/6.3.1/armv7e-m/fpu\libgcc.a(_dvmd_tls.o)
                              d:/truestudio for stm32 9.1.0/armtools/bin/../lib/gcc/arm-atollic-eabi/6.3.1/armv7e-m/fpu\libgcc.a(_aeabi_uldivmod.o) (__aeabi_ldiv0)

Allocating common symbols
Common symbol       size              file

motor2              0x4               Src\main.o
roll_data           0x4               Src\main.o
uwTick              0x4               Drivers\STM32F4xx_HAL_Driver\stm32f4xx_hal.o
pFlash              0x20              Drivers\STM32F4xx_HAL_Driver\stm32f4xx_hal_flash.o
CantxMessage        0x1c              Src\main.o
huart1              0x40              Src\main.o
yaw_data            0x4               Src\main.o
pitch_data          0x4               Src\main.o
htim6               0x3c              Src\main.o
motor1              0x4               Src\main.o
hcan1               0x44              Src\main.o
motor3              0x4               Src\main.o
CanrxMessage        0x24              Src\main.o
htim7               0x3c              Src\main.o

Discarded input sections

 .text          0x00000000        0x0 d:/truestudio for stm32 9.1.0/armtools/bin/../lib/gcc/arm-atollic-eabi/6.3.1/armv7e-m/fpu/crti.o
 .data          0x00000000        0x0 d:/truestudio for stm32 9.1.0/armtools/bin/../lib/gcc/arm-atollic-eabi/6.3.1/armv7e-m/fpu/crti.o
 .bss           0x00000000        0x0 d:/truestudio for stm32 9.1.0/armtools/bin/../lib/gcc/arm-atollic-eabi/6.3.1/armv7e-m/fpu/crti.o
 .data          0x00000000        0x4 d:/truestudio for stm32 9.1.0/armtools/bin/../lib/gcc/arm-atollic-eabi/6.3.1/armv7e-m/fpu/crtbegin.o
 .text          0x00000000        0x0 Drivers\STM32F4xx_HAL_Driver\stm32f4xx_hal.o
 .data          0x00000000        0x0 Drivers\STM32F4xx_HAL_Driver\stm32f4xx_hal.o
 .bss           0x00000000        0x0 Drivers\STM32F4xx_HAL_Driver\stm32f4xx_hal.o
 .text.HAL_MspInit
                0x00000000        0x2 Drivers\STM32F4xx_HAL_Driver\stm32f4xx_hal.o
 .text.HAL_MspDeInit
                0x00000000        0x2 Drivers\STM32F4xx_HAL_Driver\stm32f4xx_hal.o
 .text.HAL_DeInit
                0x00000000       0x2c Drivers\STM32F4xx_HAL_Driver\stm32f4xx_hal.o
 .text.HAL_SuspendTick
                0x00000000       0x10 Drivers\STM32F4xx_HAL_Driver\stm32f4xx_hal.o
 .text.HAL_ResumeTick
                0x00000000       0x10 Drivers\STM32F4xx_HAL_Driver\stm32f4xx_hal.o
 .text.HAL_GetHalVersion
                0x00000000        0x8 Drivers\STM32F4xx_HAL_Driver\stm32f4xx_hal.o
 .text.HAL_GetREVID
                0x00000000        0xc Drivers\STM32F4xx_HAL_Driver\stm32f4xx_hal.o
 .text.HAL_GetDEVID
                0x00000000       0x10 Drivers\STM32F4xx_HAL_Driver\stm32f4xx_hal.o
 .text.HAL_DBGMCU_EnableDBGSleepMode
                0x00000000       0x10 Drivers\STM32F4xx_HAL_Driver\stm32f4xx_hal.o
 .text.HAL_DBGMCU_DisableDBGSleepMode
                0x00000000       0x10 Drivers\STM32F4xx_HAL_Driver\stm32f4xx_hal.o
 .text.HAL_DBGMCU_EnableDBGStopMode
                0x00000000       0x10 Drivers\STM32F4xx_HAL_Driver\stm32f4xx_hal.o
 .text.HAL_DBGMCU_DisableDBGStopMode
[...]
Memory Configuration

Name             Origin             Length             Attributes
RAM              0x20000000         0x00020000         xrw
FLASH            0x08000000         0x00080000         xr
*default*        0x00000000         0xffffffff

Linker script and memory map

LOAD d:/truestudio for stm32 9.1.0/armtools/bin/../lib/gcc/arm-atollic-eabi/6.3.1/armv7e-m/fpu/crti.o
LOAD d:/truestudio for stm32 9.1.0/armtools/bin/../lib/gcc/arm-atollic-eabi/6.3.1/armv7e-m/fpu/crtbegin.o
LOAD Drivers\STM32F4xx_HAL_Driver\stm32f4xx_hal.o
LOAD Drivers\STM32F4xx_HAL_Driver\stm32f4xx_hal_can.o
LOAD Drivers\STM32F4xx_HAL_Driver\stm32f4xx_hal_cortex.o
LOAD Drivers\STM32F4xx_HAL_Driver\stm32f4xx_hal_dma.o
LOAD Drivers\STM32F4xx_HAL_Driver\stm32f4xx_hal_dma_ex.o
LOAD Drivers\STM32F4xx_HAL_Driver\stm32f4xx_hal_flash.o
LOAD Drivers\STM32F4xx_HAL_Driver\stm32f4xx_hal_flash_ex.o
LOAD Drivers\STM32F4xx_HAL_Driver\stm32f4xx_hal_flash_ramfunc.o
LOAD Drivers\STM32F4xx_HAL_Driver\stm32f4xx_hal_gpio.o
LOAD Drivers\STM32F4xx_HAL_Driver\stm32f4xx_hal_pwr.o
LOAD Drivers\STM32F4xx_HAL_Driver\stm32f4xx_hal_pwr_ex.o
LOAD Drivers\STM32F4xx_HAL_Driver\stm32f4xx_hal_rcc.o
LOAD Drivers\STM32F4xx_HAL_Driver\stm32f4xx_hal_rcc_ex.o
LOAD Drivers\STM32F4xx_HAL_Driver\stm32f4xx_hal_tim.o
LOAD Drivers\STM32F4xx_HAL_Driver\stm32f4xx_hal_tim_ex.o
LOAD Drivers\STM32F4xx_HAL_Driver\stm32f4xx_hal_uart.o
LOAD Src\MW-AHRSv1.o
LOAD Src\main.o
LOAD Src\stm32f4xx_hal_msp.o
LOAD Src\stm32f4xx_it.o
LOAD Src\system_stm32f4xx.o
LOAD startup\startup_stm32f446xx.o
                0x00000080                malloc_getpagesize_P = 0x80
START GROUP
LOAD d:/truestudio for stm32 9.1.0/armtools/bin/../lib/gcc/arm-atollic-eabi/6.3.1/../../../../arm-atollic-eabi/lib/armv7e-m/fpu\libc_nano.a
LOAD d:/truestudio for stm32 9.1.0/armtools/bin/../lib/gcc/arm-atollic-eabi/6.3.1/../../../../arm-atollic-eabi/lib/armv7e-m/fpu\libm.a
END GROUP
START GROUP
LOAD d:/truestudio for stm32 9.1.0/armtools/bin/../lib/gcc/arm-atollic-eabi/6.3.1/armv7e-m/fpu\libgcc.a
LOAD d:/truestudio for stm32 9.1.0/armtools/bin/../lib/gcc/arm-atollic-eabi/6.3.1/../../../../arm-atollic-eabi/lib/armv7e-m/fpu\libc_nano.a
END GROUP
START GROUP
LOAD d:/truestudio for stm32 9.1.0/armtools/bin/../lib/gcc/arm-atollic-eabi/6.3.1/armv7e-m/fpu\libgcc.a
LOAD d:/truestudio for stm32 9.1.0/armtools/bin/../lib/gcc/arm-atollic-eabi/6.3.1/../../../../arm-atollic-eabi/lib/armv7e-m/fpu\libc_nano.a
LOAD d:/truestudio for stm32 9.1.0/armtools/bin/../lib/gcc/arm-atollic-eabi/6.3.1/../../../../arm-atollic-eabi/lib/armv7e-m/fpu\libnosys.a
END GROUP
START GROUP
LOAD d:/truestudio for stm32 9.1.0/armtools/bin/../lib/gcc/arm-atollic-eabi/6.3.1/armv7e-m/fpu\libgcc.a
LOAD d:/truestudio for stm32 9.1.0/armtools/bin/../lib/gcc/arm-atollic-eabi/6.3.1/../../../../arm-atollic-eabi/lib/armv7e-m/fpu\libc_nano.a
LOAD d:/truestudio for stm32 9.1.0/armtools/bin/../lib/gcc/arm-atollic-eabi/6.3.1/../../../../arm-atollic-eabi/lib/armv7e-m/fpu\libnosys.a
END GROUP
LOAD d:/truestudio for stm32 9.1.0/armtools/bin/../lib/gcc/arm-atollic-eabi/6.3.1/armv7e-m/fpu/crtend.o
LOAD d:/truestudio for stm32 9.1.0/armtools/bin/../lib/gcc/arm-atollic-eabi/6.3.1/armv7e-m/fpu/crtn.o
                0x20020000                _estack = 0x20020000
                0x00000200                _Min_Heap_Size = 0x200
                0x00000400                _Min_Stack_Size = 0x400

.isr_vector     0x08000000      0x1c4
                0x08000000                . = ALIGN (0x4)
 *(.isr_vector)
 .isr_vector    0x08000000      0x1c4 startup\startup_stm32f446xx.o
                0x08000000                g_pfnVectors
                0x080001c4                . = ALIGN (0x4)

.text           0x080001c8     0x2d94
                0x080001c8                . = ALIGN (0x4)
 *(.text)
 .text          0x080001c8       0x40 d:/truestudio for stm32 9.1.0/armtools/bin/../lib/gcc/arm-atollic-eabi/6.3.1/armv7e-m/fpu/crtbegin.o
 .text          0x08000208      0x370 d:/truestudio for stm32 9.1.0/armtools/bin/../lib/gcc/arm-atollic-eabi/6.3.1/armv7e-m/fpu\libgcc.a(_arm_addsubdf3.o)
                0x08000208                __aeabi_drsub
                0x08000210                __aeabi_dsub
                0x08000210                __subdf3
                0x08000214                __aeabi_dadd
                0x08000214                __adddf3
                0x0800048c                __floatunsidf
                0x0800048c                __aeabi_ui2d
                0x080004ac                __floatsidf
                0x080004ac                __aeabi_i2d
                0x080004d0                __aeabi_f2d
                0x080004d0                __extendsfdf2
                0x0800050c                __floatundidf
                0x0800050c                __aeabi_ul2d
                0x0800051c                __floatdidf
                0x0800051c                __aeabi_l2d
 .text          0x08000578      0x424 d:/truestudio for stm32 9.1.0/armtools/bin/../lib/gcc/arm-atollic-eabi/6.3.1/armv7e-m/fpu\libgcc.a(_arm_muldivdf3.o)
                0x08000578                __aeabi_dmul
                0x08000578                __muldf3
                0x080007cc                __divdf3
                0x080007cc                __aeabi_ddiv
 .text          0x0800099c       0x40 d:/truestudio for stm32 9.1.0/armtools/bin/../lib/gcc/arm-atollic-eabi/6.3.1/armv7e-m/fpu\libgcc.a(_arm_fixunsdfsi.o)
                0x0800099c                __aeabi_d2uiz
                0x0800099c                __fixunsdfsi
 .text          0x080009dc       0x30 d:/truestudio for stm32 9.1.0/armtools/bin/../lib/gcc/arm-atollic-eabi/6.3.1/armv7e-m/fpu\libgcc.a(_aeabi_uldivmod.o)
                0x080009dc                __aeabi_uldivmod
 .text          0x08000a0c      0x2dc d:/truestudio for stm32 9.1.0/armtools/bin/../lib/gcc/arm-atollic-eabi/6.3.1/armv7e-m/fpu\libgcc.a(_udivmoddi4.o)
                0x08000a0c                __udivmoddi4
 .text          0x08000ce8        0x4 d:/truestudio for stm32 9.1.0/armtools/bin/../lib/gcc/arm-atollic-eabi/6.3.1/armv7e-m/fpu\libgcc.a(_dvmd_tls.o)
                0x08000ce8                __aeabi_idiv0
                0x08000ce8                __aeabi_ldiv0
 *(.text*)
 .text.HAL_InitTick
                0x08000cec       0x28 Drivers\STM32F4xx_HAL_Driver\stm32f4xx_hal.o
                0x08000cec                HAL_InitTick
 .text.HAL_Init
                0x08000d14       0x34 Drivers\STM32F4xx_HAL_Driver\stm32f4xx_hal.o
                0x08000d14                HAL_Init
 .text.HAL_IncTick
                0x08000d48       0x10 Drivers\STM32F4xx_HAL_Driver\stm32f4xx_hal.o
                0x08000d48                HAL_IncTick
 .text.HAL_GetTick
                0x08000d58        0xc Drivers\STM32F4xx_HAL_Driver\stm32f4xx_hal.o
                0x08000d58                HAL_GetTick
 .text.HAL_Delay
                0x08000d64       0x20 Drivers\STM32F4xx_HAL_Driver\stm32f4xx_hal.o
                0x08000d64                HAL_Delay
 .text.HAL_CAN_ConfigFilter
                0x08000d84      0x100 Drivers\STM32F4xx_HAL_Driver\stm32f4xx_hal_can.o
                0x08000d84                HAL_CAN_ConfigFilter
 .text.HAL_CAN_Init
                0x08000e84      0x12a Drivers\STM32F4xx_HAL_Driver\stm32f4xx_hal_can.o
                0x08000e84                HAL_CAN_Init
 *fill*         0x08000fae        0x2 
 .text.HAL_CAN_Transmit
                0x08000fb0      0x1a0 Drivers\STM32F4xx_HAL_Driver\stm32f4xx_hal_can.o
                0x08000fb0                HAL_CAN_Transmit
 .text.HAL_CAN_Receive_IT
                0x08001150       0xb4 Drivers\STM32F4xx_HAL_Driver\stm32f4xx_hal_can.o
                0x08001150                HAL_CAN_Receive_IT
 .text.HAL_CAN_TxCpltCallback
                0x08001204        0x2 Drivers\STM32F4xx_HAL_Driver\stm32f4xx_hal_can.o
                0x08001204                HAL_CAN_TxCpltCallback
 .text.CAN_Receive_IT
                0x08001206      0x102 Drivers\STM32F4xx_HAL_Driver\stm32f4xx_hal_can.o
 .text.HAL_CAN_ErrorCallback
                0x08001308        0x2 Drivers\STM32F4xx_HAL_Driver\stm32f4xx_hal_can.o
                0x08001308                HAL_CAN_ErrorCallback
 *fill*         0x0800130a        0x2 
 .text.HAL_CAN_IRQHandler
                0x0800130c      0x1d8 Drivers\STM32F4xx_HAL_Driver\stm32f4xx_hal_can.o
                0x0800130c                HAL_CAN_IRQHandler
 .text.HAL_NVIC_SetPriorityGrouping
                0x080014e4       0x24 Drivers\STM32F4xx_HAL_Driver\stm32f4xx_hal_cortex.o
                0x080014e4                HAL_NVIC_SetPriorityGrouping
 .text.HAL_NVIC_SetPriority
                0x08001508       0x68 Drivers\STM32F4xx_HAL_Driver\stm32f4xx_hal_cortex.o
                0x08001508                HAL_NVIC_SetPriority
 .text.HAL_NVIC_EnableIRQ
                0x08001570       0x18 Drivers\STM32F4xx_HAL_Driver\stm32f4xx_hal_cortex.o
                0x08001570                HAL_NVIC_EnableIRQ
 .text.HAL_SYSTICK_Config
                0x08001588       0x2c Drivers\STM32F4xx_HAL_Driver\stm32f4xx_hal_cortex.o
                0x08001588                HAL_SYSTICK_Config
 .text.HAL_SYSTICK_CLKSourceConfig
                0x080015b4       0x18 Drivers\STM32F4xx_HAL_Driver\stm32f4xx_hal_cortex.o
                0x080015b4                HAL_SYSTICK_CLKSourceConfig
 .text.HAL_SYSTICK_Callback
                0x080015cc        0x2 Drivers\STM32F4xx_HAL_Driver\stm32f4xx_hal_cortex.o
                0x080015cc                HAL_SYSTICK_Callback
 .text.HAL_SYSTICK_IRQHandler
                0x080015ce        0x8 Drivers\STM32F4xx_HAL_Driver\stm32f4xx_hal_cortex.o
                0x080015ce                HAL_SYSTICK_IRQHandler
 *fill*         0x080015d6        0x2 
 .text.HAL_GPIO_Init
                0x080015d8      0x1b4 Drivers\STM32F4xx_HAL_Driver\stm32f4xx_hal_gpio.o
                0x080015d8                HAL_GPIO_Init
 .text.HAL_GPIO_WritePin
                0x0800178c        0xa Drivers\STM32F4xx_HAL_Driver\stm32f4xx_hal_gpio.o
                0x0800178c                HAL_GPIO_WritePin
 *fill*         0x08001796        0x2 
 .text.HAL_PWREx_EnableOverDrive
                0x08001798       0x78 Drivers\STM32F4xx_HAL_Driver\stm32f4xx_hal_pwr_ex.o
                0x08001798                HAL_PWREx_EnableOverDrive
 .text.HAL_RCC_ClockConfig
                0x08001810      0x134 Drivers\STM32F4xx_HAL_Driver\stm32f4xx_hal_rcc.o
                0x08001810                HAL_RCC_ClockConfig
 .text.HAL_RCC_GetHCLKFreq
                0x08001944        0xc Drivers\STM32F4xx_HAL_Driver\stm32f4xx_hal_rcc.o
                0x08001944                HAL_RCC_GetHCLKFreq
 .text.HAL_RCC_GetPCLK1Freq
                0x08001950       0x20 Drivers\STM32F4xx_HAL_Driver\stm32f4xx_hal_rcc.o
                0x08001950                HAL_RCC_GetPCLK1Freq
 .text.HAL_RCC_GetPCLK2Freq
                0x08001970       0x20 Drivers\STM32F4xx_HAL_Driver\stm32f4xx_hal_rcc.o
                0x08001970                HAL_RCC_GetPCLK2Freq
 .text.HAL_RCC_GetSysClockFreq
                0x08001990       0x7c Drivers\STM32F4xx_HAL_Driver\stm32f4xx_hal_rcc_ex.o
                0x08001990                HAL_RCC_GetSysClockFreq
 .text.HAL_RCC_OscConfig
                0x08001a0c      0x31c Drivers\STM32F4xx_HAL_Driver\stm32f4xx_hal_rcc_ex.o
                0x08001a0c                HAL_RCC_OscConfig
 .text.HAL_TIM_Base_Start_IT
                0x08001d28       0x16 Drivers\STM32F4xx_HAL_Driver\stm32f4xx_hal_tim.o
                0x08001d28                HAL_TIM_Base_Start_IT
 .text.HAL_TIM_OC_DelayElapsedCallback
                0x08001d3e        0x2 Drivers\STM32F4xx_HAL_Driver\stm32f4xx_hal_tim.o
                0x08001d3e                HAL_TIM_OC_DelayElapsedCallback
 .text.HAL_TIM_IC_CaptureCallback
                0x08001d40        0x2 Drivers\STM32F4xx_HAL_Driver\stm32f4xx_hal_tim.o
                0x08001d40                HAL_TIM_IC_CaptureCallback
 .text.HAL_TIM_PWM_PulseFinishedCallback
                0x08001d42        0x2 Drivers\STM32F4xx_HAL_Driver\stm32f4xx_hal_tim.o
                0x08001d42                HAL_TIM_PWM_PulseFinishedCallback
 .text.HAL_TIM_TriggerCallback
                0x08001d44        0x2 Drivers\STM32F4xx_HAL_Driver\stm32f4xx_hal_tim.o
                0x08001d44                HAL_TIM_TriggerCallback
 .text.HAL_TIM_IRQHandler
                0x08001d46      0x144 Drivers\STM32F4xx_HAL_Driver\stm32f4xx_hal_tim.o
                0x08001d46                HAL_TIM_IRQHandler
 *fill*         0x08001e8a        0x2 
 .text.TIM_Base_SetConfig
                0x08001e8c       0xc8 Drivers\STM32F4xx_HAL_Driver\stm32f4xx_hal_tim.o
                0x08001e8c                TIM_Base_SetConfig
 .text.HAL_TIM_Base_Init
                0x08001f54       0x34 Drivers\STM32F4xx_HAL_Driver\stm32f4xx_hal_tim.o
                0x08001f54                HAL_TIM_Base_Init
 .text.HAL_TIMEx_MasterConfigSynchronization
                0x08001f88       0x44 Drivers\STM32F4xx_HAL_Driver\stm32f4xx_hal_tim_ex.o
                0x08001f88                HAL_TIMEx_MasterConfigSynchronization
 .text.HAL_TIMEx_CommutationCallback
                0x08001fcc        0x2 Drivers\STM32F4xx_HAL_Driver\stm32f4xx_hal_tim_ex.o
                0x08001fcc                HAL_TIMEx_CommutationCallback
 .text.HAL_TIMEx_BreakCallback
                0x08001fce        0x2 Drivers\STM32F4xx_HAL_Driver\stm32f4xx_hal_tim_ex.o
                0x08001fce                HAL_TIMEx_BreakCallback
 .text.UART_SetConfig
                0x08001fd0      0x234 Drivers\STM32F4xx_HAL_Driver\stm32f4xx_hal_uart.o
 .text.UART_WaitOnFlagUntilTimeout.constprop.3
                0x08002204       0x50 Drivers\STM32F4xx_HAL_Driver\stm32f4xx_hal_uart.o
 .text.HAL_UART_Init
                0x08002254       0x5c Drivers\STM32F4xx_HAL_Driver\stm32f4xx_hal_uart.o
                0x08002254                HAL_UART_Init
 .text.HAL_UART_Transmit
                0x080022b0       0xba Drivers\STM32F4xx_HAL_Driver\stm32f4xx_hal_uart.o
                0x080022b0                HAL_UART_Transmit
 *fill*         0x0800236a        0x2 
 .text.mw_ahrs_input_data
                0x0800236c      0x20c Src\MW-AHRSv1.o
                0x0800236c                mw_ahrs_input_data
 .text.mw_ahrs_set_data_type
                0x08002578       0x3a Src\MW-AHRSv1.o
                0x08002578                mw_ahrs_set_data_type
 .text.mw_ahrs_set_period
                0x080025b2       0x2c Src\MW-AHRSv1.o
                0x080025b2                mw_ahrs_set_period
 *fill*         0x080025de        0x2 
 .text.SystemClock_Config
                0x080025e0       0xb8 Src\main.o
                0x080025e0                SystemClock_Config
 .text.ax12_SetRegister
                0x08002698       0x30 Src\main.o
                0x08002698                ax12_SetRegister
 .text.HAL_CAN_RxCpltCallback
                0x080026c8       0x38 Src\main.o
                0x080026c8                HAL_CAN_RxCpltCallback
 .text.mw_ahrsv1_trans
                0x08002700       0x6c Src\main.o
                0x08002700                mw_ahrsv1_trans
 .text.can_init_user
                0x0800276c       0x4c Src\main.o
                0x0800276c                can_init_user
 .text.startup.main
                0x080027b8      0x2f0 Src\main.o
                0x080027b8                main
 .text.HAL_TIM_PeriodElapsedCallback
                0x08002aa8       0x2c Src\main.o
                0x08002aa8                HAL_TIM_PeriodElapsedCallback
 .text.HAL_MspInit
                0x08002ad4       0x70 Src\stm32f4xx_hal_msp.o
                0x08002ad4                HAL_MspInit
 .text.HAL_CAN_MspInit
                0x08002b44       0x60 Src\stm32f4xx_hal_msp.o
                0x08002b44                HAL_CAN_MspInit
 .text.HAL_TIM_Base_MspInit
                0x08002ba4       0x6c Src\stm32f4xx_hal_msp.o
                0x08002ba4                HAL_TIM_Base_MspInit
 .text.HAL_UART_MspInit
                0x08002c10       0x54 Src\stm32f4xx_hal_msp.o
                0x08002c10                HAL_UART_MspInit
 .text.NMI_Handler
                0x08002c64        0x2 Src\stm32f4xx_it.o
                0x08002c64                NMI_Handler
 .text.HardFault_Handler
                0x08002c66        0x2 Src\stm32f4xx_it.o
                0x08002c66                HardFault_Handler
 .text.MemManage_Handler
                0x08002c68        0x2 Src\stm32f4xx_it.o
                0x08002c68                MemManage_Handler
 .text.BusFault_Handler
                0x08002c6a        0x2 Src\stm32f4xx_it.o
                0x08002c6a                BusFault_Handler
 .text.UsageFault_Handler
                0x08002c6c        0x2 Src\stm32f4xx_it.o
                0x08002c6c                UsageFault_Handler
 .text.SVC_Handler
                0x08002c6e        0x2 Src\stm32f4xx_it.o
                0x08002c6e                SVC_Handler
 .text.DebugMon_Handler
                0x08002c70        0x2 Src\stm32f4xx_it.o
                0x08002c70                DebugMon_Handler
 .text.PendSV_Handler
                0x08002c72        0x2 Src\stm32f4xx_it.o
                0x08002c72                PendSV_Handler
 .text.SysTick_Handler
                0x08002c74        0xe Src\stm32f4xx_it.o
                0x08002c74                SysTick_Handler
 .text.RCC_IRQHandler
                0x08002c82        0x2 Src\stm32f4xx_it.o
                0x08002c82                RCC_IRQHandler
 .text.CAN1_RX0_IRQHandler
                0x08002c84        0xc Src\stm32f4xx_it.o
                0x08002c84                CAN1_RX0_IRQHandler
 .text.TIM6_DAC_IRQHandler
                0x08002c90        0xc Src\stm32f4xx_it.o
                0x08002c90                TIM6_DAC_IRQHandler
 .text.TIM7_IRQHandler
                0x08002c9c        0xc Src\stm32f4xx_it.o
                0x08002c9c                TIM7_IRQHandler
 .text.SystemInit
                0x08002ca8       0x4c Src\system_stm32f4xx.o
                0x08002ca8                SystemInit
 .text.Reset_Handler
                0x08002cf4       0x50 startup\startup_stm32f446xx.o
                0x08002cf4                Reset_Handler
 .text.Default_Handler
                0x08002d44        0x2 startup\startup_stm32f446xx.o
                0x08002d44                RTC_Alarm_IRQHandler
                0x08002d44                EXTI2_IRQHandler
                0x08002d44                TIM8_CC_IRQHandler
                0x08002d44                SPI4_IRQHandler
                0x08002d44                TIM1_CC_IRQHandler
                0x08002d44                DMA2_Stream5_IRQHandler
                0x08002d44                DMA1_Stream5_IRQHandler
                0x08002d44                PVD_IRQHandler
                0x08002d44                SDIO_IRQHandler
                0x08002d44                TAMP_STAMP_IRQHandler
                0x08002d44                CAN2_RX1_IRQHandler
                0x08002d44                EXTI3_IRQHandler
                0x08002d44                TIM8_TRG_COM_TIM14_IRQHandler
                0x08002d44                TIM1_UP_TIM10_IRQHandler
                0x08002d44                TIM8_UP_TIM13_IRQHandler
                0x08002d44                I2C3_ER_IRQHandler
                0x08002d44                FMPI2C1_Event_IRQHandler
                0x08002d44                EXTI0_IRQHandler
                0x08002d44                I2C2_EV_IRQHandler
                0x08002d44                DMA1_Stream2_IRQHandler
                0x08002d44                FPU_IRQHandler
                0x08002d44                OTG_HS_WKUP_IRQHandler
                0x08002d44                CAN2_SCE_IRQHandler
                0x08002d44                DMA2_Stream2_IRQHandler
                0x08002d44                SPI1_IRQHandler
                0x08002d44                TIM1_BRK_TIM9_IRQHandler
                0x08002d44                DCMI_IRQHandler
                0x08002d44                CAN2_RX0_IRQHandler
                0x08002d44                DMA2_Stream3_IRQHandler
                0x08002d44                SAI2_IRQHandler
                0x08002d44                USART6_IRQHandler
                0x08002d44                USART3_IRQHandler
                0x08002d44                CAN1_RX1_IRQHandler
                0x08002d44                UART5_IRQHandler
                0x08002d44                DMA2_Stream0_IRQHandler
                0x08002d44                TIM4_IRQHandler
                0x08002d44                QUADSPI_IRQHandler
                0x08002d44                I2C1_EV_IRQHandler
                0x08002d44                DMA1_Stream6_IRQHandler
                0x08002d44                DMA1_Stream1_IRQHandler
                0x08002d44                UART4_IRQHandler
                0x08002d44                TIM3_IRQHandler
                0x08002d44                TIM8_BRK_TIM12_IRQHandler
                0x08002d44                Default_Handler
                0x08002d44                CEC_IRQHandler
                0x08002d44                EXTI15_10_IRQHandler
                0x08002d44                ADC_IRQHandler
                0x08002d44                DMA1_Stream7_IRQHandler
                0x08002d44                CAN2_TX_IRQHandler
                0x08002d44                TIM5_IRQHandler
                0x08002d44                DMA2_Stream7_IRQHandler
                0x08002d44                I2C3_EV_IRQHandler
                0x08002d44                EXTI9_5_IRQHandler
                0x08002d44                RTC_WKUP_IRQHandler
                0x08002d44                SPDIF_RX_IRQHandler
                0x08002d44                SPI2_IRQHandler
                0x08002d44                OTG_HS_EP1_IN_IRQHandler
                0x08002d44                DMA1_Stream0_IRQHandler
                0x08002d44                CAN1_TX_IRQHandler
                0x08002d44                EXTI4_IRQHandler
                0x08002d44                OTG_HS_EP1_OUT_IRQHandler
                0x08002d44                WWDG_IRQHandler
                0x08002d44                TIM2_IRQHandler
                0x08002d44                OTG_FS_WKUP_IRQHandler
                0x08002d44                TIM1_TRG_COM_TIM11_IRQHandler
                0x08002d44                OTG_HS_IRQHandler
                0x08002d44                EXTI1_IRQHandler
                0x08002d44                USART2_IRQHandler
                0x08002d44                I2C2_ER_IRQHandler
                0x08002d44                DMA2_Stream1_IRQHandler
                0x08002d44                CAN1_SCE_IRQHandler
                0x08002d44                FLASH_IRQHandler
                0x08002d44                DMA2_Stream4_IRQHandler
                0x08002d44                USART1_IRQHandler
                0x08002d44                OTG_FS_IRQHandler
                0x08002d44                SPI3_IRQHandler
                0x08002d44                DMA1_Stream4_IRQHandler
                0x08002d44                I2C1_ER_IRQHandler
                0x08002d44                FMC_IRQHandler
                0x08002d44                DMA2_Stream6_IRQHandler
                0x08002d44                SAI1_IRQHandler
                0x08002d44                DMA1_Stream3_IRQHandler
                0x08002d44                FMPI2C1_Error_IRQHandler
 *fill*         0x08002d46        0x2 
 .text.__libc_init_array
                0x08002d48       0x48 d:/truestudio for stm32 9.1.0/armtools/bin/../lib/gcc/arm-atollic-eabi/6.3.1/../../../../arm-atollic-eabi/lib/armv7e-m/fpu\libc_nano.a(lib_a-init.o)
                0x08002d48                __libc_init_array
 .text.atanf    0x08002d90      0x1a4 d:/truestudio for stm32 9.1.0/armtools/bin/../lib/gcc/arm-atollic-eabi/6.3.1/../../../../arm-atollic-eabi/lib/armv7e-m/fpu\libm.a(lib_a-sf_atan.o)
                0x08002d90                atanf
 .text.fabsf    0x08002f34        0xe d:/truestudio for stm32 9.1.0/armtools/bin/../lib/gcc/arm-atollic-eabi/6.3.1/../../../../arm-atollic-eabi/lib/armv7e-m/fpu\libm.a(lib_a-sf_fabs.o)
                0x08002f34                fabsf
 *(.glue_7)
 .glue_7        0x08002f42        0x0 linker stubs
 *(.glue_7t)
 .glue_7t       0x08002f42        0x0 linker stubs
 *(.eh_frame)
 *fill*         0x08002f42        0x2 
 .eh_frame      0x08002f44        0x0 d:/truestudio for stm32 9.1.0/armtools/bin/../lib/gcc/arm-atollic-eabi/6.3.1/armv7e-m/fpu/crtbegin.o
 *(.init)
 .init          0x08002f44        0x4 d:/truestudio for stm32 9.1.0/armtools/bin/../lib/gcc/arm-atollic-eabi/6.3.1/armv7e-m/fpu/crti.o
                0x08002f44                _init
 .init          0x08002f48        0x8 d:/truestudio for stm32 9.1.0/armtools/bin/../lib/gcc/arm-atollic-eabi/6.3.1/armv7e-m/fpu/crtn.o
 *(.fini)
 .fini          0x08002f50        0x4 d:/truestudio for stm32 9.1.0/armtools/bin/../lib/gcc/arm-atollic-eabi/6.3.1/armv7e-m/fpu/crti.o
                0x08002f50                _fini
 .fini          0x08002f54        0x8 d:/truestudio for stm32 9.1.0/armtools/bin/../lib/gcc/arm-atollic-eabi/6.3.1/armv7e-m/fpu/crtn.o
                0x08002f5c                . = ALIGN (0x4)
                0x08002f5c                _etext = .

.vfp11_veneer   0x08002f5c        0x0
 .vfp11_veneer  0x08002f5c        0x0 linker stubs

.v4_bx          0x08002f5c        0x0
 .v4_bx         0x08002f5c        0x0 linker stubs

.iplt           0x08002f5c        0x0
 .iplt          0x08002f5c        0x0 d:/truestudio for stm32 9.1.0/armtools/bin/../lib/gcc/arm-atollic-eabi/6.3.1/armv7e-m/fpu/crtbegin.o

.rodata         0x08002f5c       0x38
                0x08002f5c                . = ALIGN (0x4)
 *(.rodata)
 *(.rodata*)
 .rodata.AHBPrescTable
                0x08002f5c       0x10 Src\system_stm32f4xx.o
                0x08002f5c                AHBPrescTable
 .rodata.APBPrescTable
                0x08002f6c        0x8 Src\system_stm32f4xx.o
                0x08002f6c                APBPrescTable
 .rodata.atanhi
                0x08002f74       0x10 d:/truestudio for stm32 9.1.0/armtools/bin/../lib/gcc/arm-atollic-eabi/6.3.1/../../../../arm-atollic-eabi/lib/armv7e-m/fpu\libm.a(lib_a-sf_atan.o)
 .rodata.atanlo
                0x08002f84       0x10 d:/truestudio for stm32 9.1.0/armtools/bin/../lib/gcc/arm-atollic-eabi/6.3.1/../../../../arm-atollic-eabi/lib/armv7e-m/fpu\libm.a(lib_a-sf_atan.o)
                0x08002f94                . = ALIGN (0x4)

.ARM.extab
 *(.ARM.extab* .gnu.linkonce.armextab.*)

.ARM            0x08002f94        0x8
                0x08002f94                __exidx_start = .
 *(.ARM.exidx*)
 .ARM.exidx     0x08002f94        0x8 d:/truestudio for stm32 9.1.0/armtools/bin/../lib/gcc/arm-atollic-eabi/6.3.1/armv7e-m/fpu\libgcc.a(_udivmoddi4.o)
                0x08002f9c                __exidx_end = .

.rel.dyn        0x08002f9c        0x0
 .rel.iplt      0x08002f9c        0x0 d:/truestudio for stm32 9.1.0/armtools/bin/../lib/gcc/arm-atollic-eabi/6.3.1/armv7e-m/fpu/crtbegin.o

.preinit_array  0x08002f9c        0x0
                0x08002f9c                PROVIDE (__preinit_array_start, .)
 *(.preinit_array*)
                0x08002f9c                PROVIDE (__preinit_array_end, .)

.init_array     0x08002f9c        0x4
                0x08002f9c                PROVIDE (__init_array_start, .)
 *(SORT(.init_array.*))
 *(.init_array*)
 .init_array    0x08002f9c        0x4 d:/truestudio for stm32 9.1.0/armtools/bin/../lib/gcc/arm-atollic-eabi/6.3.1/armv7e-m/fpu/crtbegin.o
                0x08002fa0                PROVIDE (__init_array_end, .)

.fini_array     0x08002fa0        0x4
                [!provide]                PROVIDE (__fini_array_start, .)
 *(SORT(.fini_array.*))
 *(.fini_array*)
 .fini_array    0x08002fa0        0x4 d:/truestudio for stm32 9.1.0/armtools/bin/../lib/gcc/arm-atollic-eabi/6.3.1/armv7e-m/fpu/crtbegin.o
                [!provide]                PROVIDE (__fini_array_end, .)
                0x08002fa4                _sidata = LOADADDR (.data)

.data           0x20000000        0x4 load address 0x08002fa4
                0x20000000                . = ALIGN (0x4)
                0x20000000                _sdata = .
 *(.data)
 *(.data*)
 .data.SystemCoreClock
                0x20000000        0x4 Src\system_stm32f4xx.o
                0x20000000                SystemCoreClock
                0x20000004                . = ALIGN (0x4)
                0x20000004                _edata = .

.igot.plt       0x20000004        0x0 load address 0x08002fa8
 .igot.plt      0x20000004        0x0 d:/truestudio for stm32 9.1.0/armtools/bin/../lib/gcc/arm-atollic-eabi/6.3.1/armv7e-m/fpu/crtbegin.o
                0x20000004                . = ALIGN (0x4)

.bss            0x20000004      0x244 load address 0x08002fa8
                0x20000004                _sbss = .
                0x20000004                __bss_start__ = _sbss
 *(.bss)
 .bss           0x20000004       0x1c d:/truestudio for stm32 9.1.0/armtools/bin/../lib/gcc/arm-atollic-eabi/6.3.1/armv7e-m/fpu/crtbegin.o
 *(.bss*)
 .bss.Azimuth   0x20000020        0x4 Src\MW-AHRSv1.o
                0x20000020                Azimuth
 .bss.value     0x20000024        0x4 Src\MW-AHRSv1.o
                0x20000024                value
 .bss.ahrs_obj  0x20000028       0x58 Src\main.o
                0x20000028                ahrs_obj
 .bss.mainCounter
                0x20000080        0x4 Src\main.o
                0x20000080                mainCounter
 .bss.sendData  0x20000084       0x64 Src\main.o
                0x20000084                sendData
 .bss.tim6Counter
                0x200000e8        0x4 Src\main.o
                0x200000e8                tim6Counter
 .bss.tim7Counter
                0x200000ec        0x4 Src\main.o
                0x200000ec                tim7Counter
 *(COMMON)
 COMMON         0x200000f0        0x4 Drivers\STM32F4xx_HAL_Driver\stm32f4xx_hal.o
                0x200000f0                uwTick
 COMMON         0x200000f4      0x154 Src\main.o
                0x200000f4                motor2
                0x200000f8                roll_data
                0x200000fc                CantxMessage
                0x20000118                huart1
                0x20000158                yaw_data
                0x2000015c                pitch_data
                0x20000160                htim6
                0x2000019c                motor1
                0x200001a0                hcan1
                0x200001e4                motor3
                0x200001e8                CanrxMessage
                0x2000020c                htim7
                0x20000248                . = ALIGN (0x4)
                0x20000248                _ebss = .
                0x20000248                __bss_end__ = _ebss

._user_heap_stack
                0x20000248      0x600 load address 0x08002fa8
                0x20000248                . = ALIGN (0x4)
                [!provide]                PROVIDE (end, .)
                [!provide]                PROVIDE (_end, .)
                0x20000448                . = (. + _Min_Heap_Size)
 *fill*         0x20000248      0x200 
                0x20000848                . = (. + _Min_Stack_Size)
 *fill*         0x20000448      0x400 
                0x20000848                . = ALIGN (0x4)

/DISCARD/
 libc.a(*)
 libm.a(*)
 libgcc.a(*)

.ARM.attributes
                0x00000000       0x30
 *(.ARM.attributes)
 .ARM.attributes
                0x00000000       0x22 d:/truestudio for stm32 9.1.0/armtools/bin/../lib/gcc/arm-atollic-eabi/6.3.1/armv7e-m/fpu/crti.o
 .ARM.attributes
                0x00000022       0x34 d:/truestudio for stm32 9.1.0/armtools/bin/../lib/gcc/arm-atollic-eabi/6.3.1/armv7e-m/fpu/crtbegin.o
 .ARM.attributes
                0x00000056       0x39 Drivers\STM32F4xx_HAL_Driver\stm32f4xx_hal.o
 .ARM.attributes
                0x0000008f       0x39 Drivers\STM32F4xx_HAL_Driver\stm32f4xx_hal_can.o
 .ARM.attributes
                0x000000c8       0x39 Drivers\STM32F4xx_HAL_Driver\stm32f4xx_hal_cortex.o
 .ARM.attributes
                0x00000101       0x39 Drivers\STM32F4xx_HAL_Driver\stm32f4xx_hal_gpio.o
 .ARM.attributes
                0x0000013a       0x39 Drivers\STM32F4xx_HAL_Driver\stm32f4xx_hal_pwr_ex.o
 .ARM.attributes
                0x00000173       0x39 Drivers\STM32F4xx_HAL_Driver\stm32f4xx_hal_rcc.o
 .ARM.attributes
                0x000001ac       0x39 Drivers\STM32F4xx_HAL_Driver\stm32f4xx_hal_rcc_ex.o
 .ARM.attributes
                0x000001e5       0x39 Drivers\STM32F4xx_HAL_Driver\stm32f4xx_hal_tim.o
 .ARM.attributes
                0x0000021e       0x39 Drivers\STM32F4xx_HAL_Driver\stm32f4xx_hal_tim_ex.o
 .ARM.attributes
                0x00000257       0x39 Drivers\STM32F4xx_HAL_Driver\stm32f4xx_hal_uart.o
 .ARM.attributes
                0x00000290       0x39 Src\MW-AHRSv1.o
 .ARM.attributes
                0x000002c9       0x39 Src\main.o
 .ARM.attributes
                0x00000302       0x39 Src\stm32f4xx_hal_msp.o
 .ARM.attributes
                0x0000033b       0x39 Src\stm32f4xx_it.o
 .ARM.attributes
                0x00000374       0x39 Src\system_stm32f4xx.o
 .ARM.attributes
                0x000003ad       0x21 startup\startup_stm32f446xx.o
 .ARM.attributes
                0x000003ce       0x34 d:/truestudio for stm32 9.1.0/armtools/bin/../lib/gcc/arm-atollic-eabi/6.3.1/../../../../arm-atollic-eabi/lib/armv7e-m/fpu\libc_nano.a(lib_a-init.o)
 .ARM.attributes
                0x00000402       0x34 d:/truestudio for stm32 9.1.0/armtools/bin/../lib/gcc/arm-atollic-eabi/6.3.1/../../../../arm-atollic-eabi/lib/armv7e-m/fpu\libm.a(lib_a-sf_atan.o)
 .ARM.attributes
                0x00000436       0x34 d:/truestudio for stm32 9.1.0/armtools/bin/../lib/gcc/arm-atollic-eabi/6.3.1/../../../../arm-atollic-eabi/lib/armv7e-m/fpu\libm.a(lib_a-sf_fabs.o)
 .ARM.attributes
                0x0000046a       0x22 d:/truestudio for stm32 9.1.0/armtools/bin/../lib/gcc/arm-atollic-eabi/6.3.1/armv7e-m/fpu\libgcc.a(_arm_addsubdf3.o)
 .ARM.attributes
                0x0000048c       0x22 d:/truestudio for stm32 9.1.0/armtools/bin/../lib/gcc/arm-atollic-eabi/6.3.1/armv7e-m/fpu\libgcc.a(_arm_muldivdf3.o)
 .ARM.attributes
                0x000004ae       0x22 d:/truestudio for stm32 9.1.0/armtools/bin/../lib/gcc/arm-atollic-eabi/6.3.1/armv7e-m/fpu\libgcc.a(_arm_fixunsdfsi.o)
 .ARM.attributes
                0x000004d0       0x22 d:/truestudio for stm32 9.1.0/armtools/bin/../lib/gcc/arm-atollic-eabi/6.3.1/armv7e-m/fpu\libgcc.a(_aeabi_uldivmod.o)
 .ARM.attributes
                0x000004f2       0x34 d:/truestudio for stm32 9.1.0/armtools/bin/../lib/gcc/arm-atollic-eabi/6.3.1/armv7e-m/fpu\libgcc.a(_udivmoddi4.o)
 .ARM.attributes
                0x00000526       0x22 d:/truestudio for stm32 9.1.0/armtools/bin/../lib/gcc/arm-atollic-eabi/6.3.1/armv7e-m/fpu\libgcc.a(_dvmd_tls.o)
 .ARM.attributes
                0x00000548       0x22 d:/truestudio for stm32 9.1.0/armtools/bin/../lib/gcc/arm-atollic-eabi/6.3.1/armv7e-m/fpu/crtn.o
OUTPUT(ACSL_.elf elf32-littlearm)

.debug_info     0x00000000    0x16894
 .debug_info    0x00000000     0x1152 Drivers\STM32F4xx_HAL_Driver\stm32f4xx_hal.o
 .debug_info    0x00001152     0x1477 Drivers\STM32F4xx_HAL_Driver\stm32f4xx_hal_can.o
 .debug_info    0x000025c9     0x1762 Drivers\STM32F4xx_HAL_Driver\stm32f4xx_hal_cortex.o
 .debug_info    0x00003d2b      0xfd6 Drivers\STM32F4xx_HAL_Driver\stm32f4xx_hal_gpio.o
 .debug_info    0x00004d01     0x100b Drivers\STM32F4xx_HAL_Driver\stm32f4xx_hal_pwr_ex.o
 .debug_info    0x00005d0c     0x127c Drivers\STM32F4xx_HAL_Driver\stm32f4xx_hal_rcc.o
 .debug_info    0x00006f88     0x1289 Drivers\STM32F4xx_HAL_Driver\stm32f4xx_hal_rcc_ex.o
 .debug_info    0x00008211     0x3ba2 Drivers\STM32F4xx_HAL_Driver\stm32f4xx_hal_tim.o
 .debug_info    0x0000bdb3     0x19a5 Drivers\STM32F4xx_HAL_Driver\stm32f4xx_hal_tim_ex.o
 .debug_info    0x0000d758     0x1ea3 Drivers\STM32F4xx_HAL_Driver\stm32f4xx_hal_uart.o
 .debug_info    0x0000f5fb      0xc62 Src\MW-AHRSv1.o
 .debug_info    0x0001025d     0x26e2 Src\main.o
 .debug_info    0x0001293f     0x1d89 Src\stm32f4xx_hal_msp.o
 .debug_info    0x000146c8     0x13f0 Src\stm32f4xx_it.o
 .debug_info    0x00015ab8      0xd50 Src\system_stm32f4xx.o
 .debug_info    0x00016808       0x8c startup\startup_stm32f446xx.o

.debug_abbrev   0x00000000     0x2b3a
 .debug_abbrev  0x00000000      0x2cf Drivers\STM32F4xx_HAL_Driver\stm32f4xx_hal.o
 .debug_abbrev  0x000002cf      0x338 Drivers\STM32F4xx_HAL_Driver\stm32f4xx_hal_can.o
 .debug_abbrev  0x00000607      0x399 Drivers\STM32F4xx_HAL_Driver\stm32f4xx_hal_cortex.o
 .debug_abbrev  0x000009a0      0x268 Drivers\STM32F4xx_HAL_Driver\stm32f4xx_hal_gpio.o
 .debug_abbrev  0x00000c08      0x291 Drivers\STM32F4xx_HAL_Driver\stm32f4xx_hal_pwr_ex.o
 .debug_abbrev  0x00000e99      0x348 Drivers\STM32F4xx_HAL_Driver\stm32f4xx_hal_rcc.o
 .debug_abbrev  0x000011e1      0x28a Drivers\STM32F4xx_HAL_Driver\stm32f4xx_hal_rcc_ex.o
 .debug_abbrev  0x0000146b      0x3ac Drivers\STM32F4xx_HAL_Driver\stm32f4xx_hal_tim.o
 .debug_abbrev  0x00001817      0x300 Drivers\STM32F4xx_HAL_Driver\stm32f4xx_hal_tim_ex.o
 .debug_abbrev  0x00001b17      0x397 Drivers\STM32F4xx_HAL_Driver\stm32f4xx_hal_uart.o
 .debug_abbrev  0x00001eae      0x217 Src\MW-AHRSv1.o
 .debug_abbrev  0x000020c5      0x3c7 Src\main.o
 .debug_abbrev  0x0000248c      0x276 Src\stm32f4xx_hal_msp.o
 .debug_abbrev  0x00002702      0x25c Src\stm32f4xx_it.o
 .debug_abbrev  0x0000295e      0x1ca Src\system_stm32f4xx.o
 .debug_abbrev  0x00002b28       0x12 startup\startup_stm32f446xx.o

.debug_loc      0x00000000     0x6f28
 .debug_loc     0x00000000       0x69 Drivers\STM32F4xx_HAL_Driver\stm32f4xx_hal.o
 .debug_loc     0x00000069      0x903 Drivers\STM32F4xx_HAL_Driver\stm32f4xx_hal_can.o
 .debug_loc     0x0000096c      0x4fb Drivers\STM32F4xx_HAL_Driver\stm32f4xx_hal_cortex.o
 .debug_loc     0x00000e67      0x3cd Drivers\STM32F4xx_HAL_Driver\stm32f4xx_hal_gpio.o
 .debug_loc     0x00001234      0x15d Drivers\STM32F4xx_HAL_Driver\stm32f4xx_hal_pwr_ex.o
 .debug_loc     0x00001391      0x2c7 Drivers\STM32F4xx_HAL_Driver\stm32f4xx_hal_rcc.o
 .debug_loc     0x00001658      0x920 Drivers\STM32F4xx_HAL_Driver\stm32f4xx_hal_rcc_ex.o
 .debug_loc     0x00001f78     0x30b2 Drivers\STM32F4xx_HAL_Driver\stm32f4xx_hal_tim.o
 .debug_loc     0x0000502a      0x84a Drivers\STM32F4xx_HAL_Driver\stm32f4xx_hal_tim_ex.o
 .debug_loc     0x00005874     0x132c Drivers\STM32F4xx_HAL_Driver\stm32f4xx_hal_uart.o
 .debug_loc     0x00006ba0       0x8f Src\MW-AHRSv1.o
 .debug_loc     0x00006c2f       0xcf Src\main.o
 .debug_loc     0x00006cfe      0x119 Src\stm32f4xx_hal_msp.o
 .debug_loc     0x00006e17      0x111 Src\system_stm32f4xx.o

.debug_aranges  0x00000000      0x9c8
 .debug_aranges
                0x00000000       0xc0 Drivers\STM32F4xx_HAL_Driver\stm32f4xx_hal.o
 .debug_aranges
                0x000000c0       0x88 Drivers\STM32F4xx_HAL_Driver\stm32f4xx_hal_can.o
 .debug_aranges
                0x00000148       0xa8 Drivers\STM32F4xx_HAL_Driver\stm32f4xx_hal_cortex.o
 .debug_aranges
                0x000001f0       0x58 Drivers\STM32F4xx_HAL_Driver\stm32f4xx_hal_gpio.o
 .debug_aranges
                0x00000248       0x60 Drivers\STM32F4xx_HAL_Driver\stm32f4xx_hal_pwr_ex.o
 .debug_aranges
                0x000002a8       0x88 Drivers\STM32F4xx_HAL_Driver\stm32f4xx_hal_rcc.o
 .debug_aranges
                0x00000330       0x58 Drivers\STM32F4xx_HAL_Driver\stm32f4xx_hal_rcc_ex.o
 .debug_aranges
                0x00000388      0x250 Drivers\STM32F4xx_HAL_Driver\stm32f4xx_hal_tim.o
 .debug_aranges
                0x000005d8       0xf0 Drivers\STM32F4xx_HAL_Driver\stm32f4xx_hal_tim_ex.o
 .debug_aranges
                0x000006c8      0x170 Drivers\STM32F4xx_HAL_Driver\stm32f4xx_hal_uart.o
 .debug_aranges
                0x00000838       0x30 Src\MW-AHRSv1.o
 .debug_aranges
                0x00000868       0x60 Src\main.o
 .debug_aranges
                0x000008c8       0x50 Src\stm32f4xx_hal_msp.o
 .debug_aranges
                0x00000918       0x60 Src\stm32f4xx_it.o
 .debug_aranges
                0x00000978       0x28 Src\system_stm32f4xx.o
 .debug_aranges
                0x000009a0       0x28 startup\startup_stm32f446xx.o

.debug_ranges   0x00000000      0xc68
 .debug_ranges  0x00000000       0xb0 Drivers\STM32F4xx_HAL_Driver\stm32f4xx_hal.o
 .debug_ranges  0x000000b0       0x90 Drivers\STM32F4xx_HAL_Driver\stm32f4xx_hal_can.o
 .debug_ranges  0x00000140      0x138 Drivers\STM32F4xx_HAL_Driver\stm32f4xx_hal_cortex.o
 .debug_ranges  0x00000278       0x68 Drivers\STM32F4xx_HAL_Driver\stm32f4xx_hal_gpio.o
 .debug_ranges  0x000002e0       0xb0 Drivers\STM32F4xx_HAL_Driver\stm32f4xx_hal_pwr_ex.o
 .debug_ranges  0x00000390       0xc8 Drivers\STM32F4xx_HAL_Driver\stm32f4xx_hal_rcc.o
 .debug_ranges  0x00000458       0x78 Drivers\STM32F4xx_HAL_Driver\stm32f4xx_hal_rcc_ex.o
 .debug_ranges  0x000004d0      0x330 Drivers\STM32F4xx_HAL_Driver\stm32f4xx_hal_tim.o
 .debug_ranges  0x00000800       0xe0 Drivers\STM32F4xx_HAL_Driver\stm32f4xx_hal_tim_ex.o
 .debug_ranges  0x000008e0      0x178 Drivers\STM32F4xx_HAL_Driver\stm32f4xx_hal_uart.o
 .debug_ranges  0x00000a58       0x20 Src\MW-AHRSv1.o
 .debug_ranges  0x00000a78       0xc0 Src\main.o
 .debug_ranges  0x00000b38       0xa8 Src\stm32f4xx_hal_msp.o
 .debug_ranges  0x00000be0       0x50 Src\stm32f4xx_it.o
 .debug_ranges  0x00000c30       0x18 Src\system_stm32f4xx.o
 .debug_ranges  0x00000c48       0x20 startup\startup_stm32f446xx.o

.debug_line     0x00000000     0x6417
 .debug_line    0x00000000      0x4d4 Drivers\STM32F4xx_HAL_Driver\stm32f4xx_hal.o
 .debug_line    0x000004d4      0x8a8 Drivers\STM32F4xx_HAL_Driver\stm32f4xx_hal_can.o
 .debug_line    0x00000d7c      0x575 Drivers\STM32F4xx_HAL_Driver\stm32f4xx_hal_cortex.o
 .debug_line    0x000012f1      0x50e Drivers\STM32F4xx_HAL_Driver\stm32f4xx_hal_gpio.o
 .debug_line    0x000017ff      0x480 Drivers\STM32F4xx_HAL_Driver\stm32f4xx_hal_pwr_ex.o
 .debug_line    0x00001c7f      0x617 Drivers\STM32F4xx_HAL_Driver\stm32f4xx_hal_rcc.o
 .debug_line    0x00002296      0x76c Drivers\STM32F4xx_HAL_Driver\stm32f4xx_hal_rcc_ex.o
 .debug_line    0x00002a02     0x1218 Drivers\STM32F4xx_HAL_Driver\stm32f4xx_hal_tim.o
 .debug_line    0x00003c1a      0x764 Drivers\STM32F4xx_HAL_Driver\stm32f4xx_hal_tim_ex.o
 .debug_line    0x0000437e      0xc88 Drivers\STM32F4xx_HAL_Driver\stm32f4xx_hal_uart.o
 .debug_line    0x00005006      0x323 Src\MW-AHRSv1.o
 .debug_line    0x00005329      0x5e1 Src\main.o
 .debug_line    0x0000590a      0x42d Src\stm32f4xx_hal_msp.o
 .debug_line    0x00005d37      0x3ce Src\stm32f4xx_it.o
 .debug_line    0x00006105      0x293 Src\system_stm32f4xx.o
 .debug_line    0x00006398       0x7f startup\startup_stm32f446xx.o

.debug_str      0x00000000     0x451d
 .debug_str     0x00000000      0xefa Drivers\STM32F4xx_HAL_Driver\stm32f4xx_hal.o
                                0xfba (size before relaxing)
 .debug_str     0x00000efa      0x555 Drivers\STM32F4xx_HAL_Driver\stm32f4xx_hal_can.o
                                0xc78 (size before relaxing)
 .debug_str     0x0000144f      0x3ff Drivers\STM32F4xx_HAL_Driver\stm32f4xx_hal_cortex.o
                               0x1122 (size before relaxing)
 .debug_str     0x0000184e      0x21a Drivers\STM32F4xx_HAL_Driver\stm32f4xx_hal_gpio.o
                                0x9dc (size before relaxing)
 .debug_str     0x00001a68      0x1ac Drivers\STM32F4xx_HAL_Driver\stm32f4xx_hal_pwr_ex.o
                                0x9d3 (size before relaxing)
 .debug_str     0x00001c14      0x305 Drivers\STM32F4xx_HAL_Driver\stm32f4xx_hal_rcc.o
                                0xb9b (size before relaxing)
 .debug_str     0x00001f19      0x315 Drivers\STM32F4xx_HAL_Driver\stm32f4xx_hal_rcc_ex.o
                                0xc2a (size before relaxing)
 .debug_str     0x0000222e     0x1130 Drivers\STM32F4xx_HAL_Driver\stm32f4xx_hal_tim.o
                               0x187c (size before relaxing)
 .debug_str     0x0000335e      0x549 Drivers\STM32F4xx_HAL_Driver\stm32f4xx_hal_tim_ex.o
                               0x113c (size before relaxing)
 .debug_str     0x000038a7      0x72e Drivers\STM32F4xx_HAL_Driver\stm32f4xx_hal_uart.o
                               0x10b9 (size before relaxing)
 .debug_str     0x00003fd5      0x278 Src\MW-AHRSv1.o
                                0x8e9 (size before relaxing)
 .debug_str     0x0000424d      0x179 Src\main.o
                               0x1bc7 (size before relaxing)
 .debug_str     0x000043c6       0x25 Src\stm32f4xx_hal_msp.o
                               0x1650 (size before relaxing)
 .debug_str     0x000043eb       0xed Src\stm32f4xx_it.o
                                0xe41 (size before relaxing)
 .debug_str     0x000044d8       0x45 Src\system_stm32f4xx.o
                                0x804 (size before relaxing)

.comment        0x00000000       0x7c
 .comment       0x00000000       0x7c Drivers\STM32F4xx_HAL_Driver\stm32f4xx_hal.o
                                 0x7d (size before relaxing)
 .comment       0x0000007c       0x7d Drivers\STM32F4xx_HAL_Driver\stm32f4xx_hal_can.o
 .comment       0x0000007c       0x7d Drivers\STM32F4xx_HAL_Driver\stm32f4xx_hal_cortex.o
 .comment       0x0000007c       0x7d Drivers\STM32F4xx_HAL_Driver\stm32f4xx_hal_gpio.o
 .comment       0x0000007c       0x7d Drivers\STM32F4xx_HAL_Driver\stm32f4xx_hal_pwr_ex.o
 .comment       0x0000007c       0x7d Drivers\STM32F4xx_HAL_Driver\stm32f4xx_hal_rcc.o
 .comment       0x0000007c       0x7d Drivers\STM32F4xx_HAL_Driver\stm32f4xx_hal_rcc_ex.o
 .comment       0x0000007c       0x7d Drivers\STM32F4xx_HAL_Driver\stm32f4xx_hal_tim.o
 .comment       0x0000007c       0x7d Drivers\STM32F4xx_HAL_Driver\stm32f4xx_hal_tim_ex.o
 .comment       0x0000007c       0x7d Drivers\STM32F4xx_HAL_Driver\stm32f4xx_hal_uart.o
 .comment       0x0000007c       0x7d Src\MW-AHRSv1.o
 .comment       0x0000007c       0x7d Src\main.o
 .comment       0x0000007c       0x7d Src\stm32f4xx_hal_msp.o
 .comment       0x0000007c       0x7d Src\stm32f4xx_it.o
 .comment       0x0000007c       0x7d Src\system_stm32f4xx.o

.debug_frame    0x00000000     0x1de0
 .debug_frame   0x00000000      0x194 Drivers\STM32F4xx_HAL_Driver\stm32f4xx_hal.o
 .debug_frame   0x00000194      0x1bc Drivers\STM32F4xx_HAL_Driver\stm32f4xx_hal_can.o
 .debug_frame   0x00000350      0x158 Drivers\STM32F4xx_HAL_Driver\stm32f4xx_hal_cortex.o
 .debug_frame   0x000004a8       0xd8 Drivers\STM32F4xx_HAL_Driver\stm32f4xx_hal_gpio.o
 .debug_frame   0x00000580       0xf4 Drivers\STM32F4xx_HAL_Driver\stm32f4xx_hal_pwr_ex.o
 .debug_frame   0x00000674      0x138 Drivers\STM32F4xx_HAL_Driver\stm32f4xx_hal_rcc.o
 .debug_frame   0x000007ac       0xd4 Drivers\STM32F4xx_HAL_Driver\stm32f4xx_hal_rcc_ex.o
 .debug_frame   0x00000880      0x854 Drivers\STM32F4xx_HAL_Driver\stm32f4xx_hal_tim.o
 .debug_frame   0x000010d4      0x330 Drivers\STM32F4xx_HAL_Driver\stm32f4xx_hal_tim_ex.o
 .debug_frame   0x00001404      0x4a0 Drivers\STM32F4xx_HAL_Driver\stm32f4xx_hal_uart.o
 .debug_frame   0x000018a4       0x50 Src\MW-AHRSv1.o
 .debug_frame   0x000018f4      0x110 Src\main.o
 .debug_frame   0x00001a04       0xc0 Src\stm32f4xx_hal_msp.o
 .debug_frame   0x00001ac4       0xec Src\stm32f4xx_it.o
 .debug_frame   0x00001bb0       0x38 Src\system_stm32f4xx.o
 .debug_frame   0x00001be8       0x2c d:/truestudio for stm32 9.1.0/armtools/bin/../lib/gcc/arm-atollic-eabi/6.3.1/../../../../arm-atollic-eabi/lib/armv7e-m/fpu\libc_nano.a(lib_a-init.o)
 .debug_frame   0x00001c14       0x2c d:/truestudio for stm32 9.1.0/armtools/bin/../lib/gcc/arm-atollic-eabi/6.3.1/../../../../arm-atollic-eabi/lib/armv7e-m/fpu\libm.a(lib_a-sf_atan.o)
 .debug_frame   0x00001c40       0x20 d:/truestudio for stm32 9.1.0/armtools/bin/../lib/gcc/arm-atollic-eabi/6.3.1/../../../../arm-atollic-eabi/lib/armv7e-m/fpu\libm.a(lib_a-sf_fabs.o)
 .debug_frame   0x00001c60       0xac d:/truestudio for stm32 9.1.0/armtools/bin/../lib/gcc/arm-atollic-eabi/6.3.1/armv7e-m/fpu\libgcc.a(_arm_addsubdf3.o)
 .debug_frame   0x00001d0c       0x50 d:/truestudio for stm32 9.1.0/armtools/bin/../lib/gcc/arm-atollic-eabi/6.3.1/armv7e-m/fpu\libgcc.a(_arm_muldivdf3.o)
 .debug_frame   0x00001d5c       0x24 d:/truestudio for stm32 9.1.0/armtools/bin/../lib/gcc/arm-atollic-eabi/6.3.1/armv7e-m/fpu\libgcc.a(_arm_fixunsdfsi.o)
 .debug_frame   0x00001d80       0x2c d:/truestudio for stm32 9.1.0/armtools/bin/../lib/gcc/arm-atollic-eabi/6.3.1/armv7e-m/fpu\libgcc.a(_aeabi_uldivmod.o)
 .debug_frame   0x00001dac       0x34 d:/truestudio for stm32 9.1.0/armtools/bin/../lib/gcc/arm-atollic-eabi/6.3.1/armv7e-m/fpu\libgcc.a(_udivmoddi4.o)
