main.c:84:5:main	80	static
main.c:185:6:SystemClock_Config	88	static
main.c:236:13:MX_CAN1_Init	8	static
main.c:273:13:MX_TIM6_Init	16	static
main.c:311:13:MX_TIM7_Init	16	static
main.c:349:13:MX_USART1_UART_Init	8	static
main.c:382:13:MX_USART2_UART_Init	8	static
main.c:415:13:MX_GPIO_Init	16	static
main.c:436:6:HAL_CAN_TxMailbox0CompleteCallback	16	static
main.c:440:6:HAL_CAN_TxMailbox1CompleteCallback	16	static
main.c:444:6:HAL_CAN_TxMailbox2CompleteCallback	16	static
main.c:448:6:HAL_CAN_TxMailbox0AbortCallback	16	static
main.c:452:6:HAL_CAN_TxMailbox1AbortCallback	16	static
main.c:456:6:HAL_CAN_TxMailbox2AbortCallback	16	static
main.c:460:6:HAL_CAN_ErrorCallback	16	static
main.c:465:19:CAN_Polling	48	static
main.c:565:6:Error_Handler	4	static
