main.c:78:5:main	88	static
main.c:159:6:SystemClock_Config	88	static
main.c:210:13:MX_CAN1_Init	8	static
main.c:247:13:MX_TIM6_Init	16	static
main.c:285:13:MX_TIM7_Init	16	static
main.c:323:13:MX_USART1_UART_Init	8	static
main.c:356:13:MX_USART2_UART_Init	8	static
main.c:389:13:MX_GPIO_Init	16	static
main.c:410:6:HAL_CAN_TxMailbox0CompleteCallback	16	static
main.c:414:6:HAL_CAN_TxMailbox1CompleteCallback	16	static
main.c:418:6:HAL_CAN_TxMailbox2CompleteCallback	16	static
main.c:422:6:HAL_CAN_TxMailbox0AbortCallback	16	static
main.c:426:6:HAL_CAN_TxMailbox1AbortCallback	16	static
main.c:430:6:HAL_CAN_TxMailbox2AbortCallback	16	static
main.c:434:6:HAL_CAN_ErrorCallback	16	static
main.c:444:6:Error_Handler	4	static
