stm32f4xx_it.c:56:6:NMI_Handler	0	static
stm32f4xx_it.c:69:6:HardFault_Handler	0	static
stm32f4xx_it.c:87:6:MemManage_Handler	0	static
stm32f4xx_it.c:105:6:BusFault_Handler	0	static
stm32f4xx_it.c:123:6:UsageFault_Handler	0	static
stm32f4xx_it.c:141:6:SVC_Handler	0	static
stm32f4xx_it.c:154:6:DebugMon_Handler	0	static
stm32f4xx_it.c:167:6:PendSV_Handler	0	static
stm32f4xx_it.c:180:6:SysTick_Handler	8	static
stm32f4xx_it.c:202:6:RCC_IRQHandler	0	static
stm32f4xx_it.c:215:6:CAN1_RX0_IRQHandler	0	static
stm32f4xx_it.c:229:6:USART1_IRQHandler	0	static
stm32f4xx_it.c:243:6:USART2_IRQHandler	0	static
stm32f4xx_it.c:257:6:TIM6_DAC_IRQHandler	0	static
stm32f4xx_it.c:271:6:TIM7_IRQHandler	0	static
